---
source: tests/run-cli.rs
expression: "output_lines.join(\"\\n\")"
---
client,available,held,total,locked
1,3.0,1.0,4.0,false
