---
source: tests/run-cli.rs
expression: "output_lines.join(\"\\n\")"
---
client,available,held,total,locked
1,0.9,0.0,0.9,true
