---
source: tests/run-cli.rs
expression: "output_lines.join(\"\\n\")"
---
client,available,held,total,locked
1,-1.0,1.0,0.0,false
3,-3.0,0.0,-3.0,true
