---
source: tests/run-cli.rs
expression: "output_lines.join(\"\\n\")"
---

