---
source: src/engine/tests.rs
expression: "(transcript,\nengine.balances.into_iter().map(|(client_id, balance)|\n(client_id,\n(balance.available(), balance.held(), balance.total(),\nbalance.is_locked()))).collect::<BTreeMap<_,_>>(),)"
---
- []
- {}
